// Jest Snapshot v1, https://goo.gl/fbAQLP

exports[`Pages/TaskPage コンポーネント スナップショットテスト Renders Default story 1`] = `
{
  "asFragment": [Function],
  "baseElement": <body>
    <div>
      <div
        class="p-8 bg-white dark:bg-slate-700 text-slate-800 dark:text-slate-50 shadow"
      >
        <h1
          class="text-2xl"
        >
          タスク
        </h1>
      </div>
      <div
        class="p-8"
      >
        <div
          class="p-8 bg-white dark:bg-slate-700 text-slate-800 dark:text-slate-50 shadow"
        >
          <div
            class="flex flex-col gap-4 md:gap-8"
          >
            <div
              class="text-right"
            >
              <a
                class="text-white bg-primary hover:bg-blue-500 opacity-95 hover:opacity-90 transition-all duration-200 transform focus:ring-4 focus:outline-none font-medium text-sm px-10 py-2.5 text-center shadow-md hover:shadow-xl inline-flex items-center gap-2 mr-2 mb-2"
                href="/tasks/new"
              >
                <svg
                  aria-hidden="true"
                  class="h-4 w-4"
                  fill="none"
                  stroke="currentColor"
                  stroke-width="1.5"
                  viewBox="0 0 24 24"
                  xmlns="http://www.w3.org/2000/svg"
                >
                  <path
                    d="M12 4.5v15m7.5-7.5h-15"
                    stroke-linecap="round"
                    stroke-linejoin="round"
                  />
                </svg>
                新規作成
              </a>
            </div>
            <div
              class="relative overflow-x-auto shadow-md"
            >
              <table
                class="w-full text-sm text-left text-gray-500 dark:text-gray-400 border border-slate-300 dark:border-slate-600 undefined"
              >
                <thead
                  class="text-xs text-gray-700 uppercase bg-gray-50 dark:bg-gray-700 dark:text-gray-400 undefined"
                >
                  <tr
                    class="undefined"
                  >
                    <th
                      class="px-6 py-3"
                      scope="col"
                    />
                    <th
                      class="px-6 py-3"
                      scope="col"
                    >
                      タスク名
                    </th>
                    <th
                      class="px-6 py-3"
                      scope="col"
                    >
                      終了日時
                    </th>
                    <th
                      class="px-6 py-3"
                      scope="col"
                    >
                      締切日時
                    </th>
                    <th
                      class="px-6 py-3"
                      scope="col"
                    />
                  </tr>
                </thead>
                <tbody
                  class="undefined"
                >
                  <tr
                    class="bg-white dark:bg-gray-900"
                  >
                    <th
                      class="px-6 py-4 font-medium text-gray-900 whitespace-nowrap dark:text-white"
                      scope="row"
                    >
                      ✅
                    </th>
                    <td
                      class="px-6 py-4 undefined"
                    >
                      <a
                        class="text-sky-500 transition-colors duration-200 transform hover:text-sky-600 dark:hover:text-sky-300 hover:underline undefined"
                        href="/tasks/1"
                      >
                        タスク１
                      </a>
                    </td>
                    <td
                      class="px-6 py-4 undefined"
                    />
                    <td
                      class="px-6 py-4 undefined"
                    >
                      2023/12/31
                    </td>
                    <td
                      class="px-6 py-4 undefined"
                    >
                      <a
                        class="text-sky-500 transition-colors duration-200 transform hover:text-sky-600 dark:hover:text-sky-300 hover:underline undefined"
                        href="/tasks/1/edit"
                      >
                        編集
                      </a>
                    </td>
                  </tr>
                  <tr
                    class="bg-white dark:bg-gray-900"
                  >
                    <th
                      class="px-6 py-4 font-medium text-gray-900 whitespace-nowrap dark:text-white"
                      scope="row"
                    >
                      ✅
                    </th>
                    <td
                      class="px-6 py-4 undefined"
                    >
                      <a
                        class="text-sky-500 transition-colors duration-200 transform hover:text-sky-600 dark:hover:text-sky-300 hover:underline undefined"
                        href="/tasks/2"
                      >
                        タスク２
                      </a>
                    </td>
                    <td
                      class="px-6 py-4 undefined"
                    >
                      2023/09/12
                    </td>
                    <td
                      class="px-6 py-4 undefined"
                    >
                      2023/10/31
                    </td>
                    <td
                      class="px-6 py-4 undefined"
                    >
                      <a
                        class="text-sky-500 transition-colors duration-200 transform hover:text-sky-600 dark:hover:text-sky-300 hover:underline undefined"
                        href="/tasks/2/edit"
                      >
                        編集
                      </a>
                    </td>
                  </tr>
                </tbody>
              </table>
            </div>
          </div>
        </div>
      </div>
    </div>
  </body>,
  "container": <div>
    <div
      class="p-8 bg-white dark:bg-slate-700 text-slate-800 dark:text-slate-50 shadow"
    >
      <h1
        class="text-2xl"
      >
        タスク
      </h1>
    </div>
    <div
      class="p-8"
    >
      <div
        class="p-8 bg-white dark:bg-slate-700 text-slate-800 dark:text-slate-50 shadow"
      >
        <div
          class="flex flex-col gap-4 md:gap-8"
        >
          <div
            class="text-right"
          >
            <a
              class="text-white bg-primary hover:bg-blue-500 opacity-95 hover:opacity-90 transition-all duration-200 transform focus:ring-4 focus:outline-none font-medium text-sm px-10 py-2.5 text-center shadow-md hover:shadow-xl inline-flex items-center gap-2 mr-2 mb-2"
              href="/tasks/new"
            >
              <svg
                aria-hidden="true"
                class="h-4 w-4"
                fill="none"
                stroke="currentColor"
                stroke-width="1.5"
                viewBox="0 0 24 24"
                xmlns="http://www.w3.org/2000/svg"
              >
                <path
                  d="M12 4.5v15m7.5-7.5h-15"
                  stroke-linecap="round"
                  stroke-linejoin="round"
                />
              </svg>
              新規作成
            </a>
          </div>
          <div
            class="relative overflow-x-auto shadow-md"
          >
            <table
              class="w-full text-sm text-left text-gray-500 dark:text-gray-400 border border-slate-300 dark:border-slate-600 undefined"
            >
              <thead
                class="text-xs text-gray-700 uppercase bg-gray-50 dark:bg-gray-700 dark:text-gray-400 undefined"
              >
                <tr
                  class="undefined"
                >
                  <th
                    class="px-6 py-3"
                    scope="col"
                  />
                  <th
                    class="px-6 py-3"
                    scope="col"
                  >
                    タスク名
                  </th>
                  <th
                    class="px-6 py-3"
                    scope="col"
                  >
                    終了日時
                  </th>
                  <th
                    class="px-6 py-3"
                    scope="col"
                  >
                    締切日時
                  </th>
                  <th
                    class="px-6 py-3"
                    scope="col"
                  />
                </tr>
              </thead>
              <tbody
                class="undefined"
              >
                <tr
                  class="bg-white dark:bg-gray-900"
                >
                  <th
                    class="px-6 py-4 font-medium text-gray-900 whitespace-nowrap dark:text-white"
                    scope="row"
                  >
                    ✅
                  </th>
                  <td
                    class="px-6 py-4 undefined"
                  >
                    <a
                      class="text-sky-500 transition-colors duration-200 transform hover:text-sky-600 dark:hover:text-sky-300 hover:underline undefined"
                      href="/tasks/1"
                    >
                      タスク１
                    </a>
                  </td>
                  <td
                    class="px-6 py-4 undefined"
                  />
                  <td
                    class="px-6 py-4 undefined"
                  >
                    2023/12/31
                  </td>
                  <td
                    class="px-6 py-4 undefined"
                  >
                    <a
                      class="text-sky-500 transition-colors duration-200 transform hover:text-sky-600 dark:hover:text-sky-300 hover:underline undefined"
                      href="/tasks/1/edit"
                    >
                      編集
                    </a>
                  </td>
                </tr>
                <tr
                  class="bg-white dark:bg-gray-900"
                >
                  <th
                    class="px-6 py-4 font-medium text-gray-900 whitespace-nowrap dark:text-white"
                    scope="row"
                  >
                    ✅
                  </th>
                  <td
                    class="px-6 py-4 undefined"
                  >
                    <a
                      class="text-sky-500 transition-colors duration-200 transform hover:text-sky-600 dark:hover:text-sky-300 hover:underline undefined"
                      href="/tasks/2"
                    >
                      タスク２
                    </a>
                  </td>
                  <td
                    class="px-6 py-4 undefined"
                  >
                    2023/09/12
                  </td>
                  <td
                    class="px-6 py-4 undefined"
                  >
                    2023/10/31
                  </td>
                  <td
                    class="px-6 py-4 undefined"
                  >
                    <a
                      class="text-sky-500 transition-colors duration-200 transform hover:text-sky-600 dark:hover:text-sky-300 hover:underline undefined"
                      href="/tasks/2/edit"
                    >
                      編集
                    </a>
                  </td>
                </tr>
              </tbody>
            </table>
          </div>
        </div>
      </div>
    </div>
  </div>,
  "debug": [Function],
  "findAllByAltText": [Function],
  "findAllByDisplayValue": [Function],
  "findAllByLabelText": [Function],
  "findAllByPlaceholderText": [Function],
  "findAllByRole": [Function],
  "findAllByTestId": [Function],
  "findAllByText": [Function],
  "findAllByTitle": [Function],
  "findByAltText": [Function],
  "findByDisplayValue": [Function],
  "findByLabelText": [Function],
  "findByPlaceholderText": [Function],
  "findByRole": [Function],
  "findByTestId": [Function],
  "findByText": [Function],
  "findByTitle": [Function],
  "getAllByAltText": [Function],
  "getAllByDisplayValue": [Function],
  "getAllByLabelText": [Function],
  "getAllByPlaceholderText": [Function],
  "getAllByRole": [Function],
  "getAllByTestId": [Function],
  "getAllByText": [Function],
  "getAllByTitle": [Function],
  "getByAltText": [Function],
  "getByDisplayValue": [Function],
  "getByLabelText": [Function],
  "getByPlaceholderText": [Function],
  "getByRole": [Function],
  "getByTestId": [Function],
  "getByText": [Function],
  "getByTitle": [Function],
  "queryAllByAltText": [Function],
  "queryAllByDisplayValue": [Function],
  "queryAllByLabelText": [Function],
  "queryAllByPlaceholderText": [Function],
  "queryAllByRole": [Function],
  "queryAllByTestId": [Function],
  "queryAllByText": [Function],
  "queryAllByTitle": [Function],
  "queryByAltText": [Function],
  "queryByDisplayValue": [Function],
  "queryByLabelText": [Function],
  "queryByPlaceholderText": [Function],
  "queryByRole": [Function],
  "queryByTestId": [Function],
  "queryByText": [Function],
  "queryByTitle": [Function],
  "rerender": [Function],
  "unmount": [Function],
}
`;
