// Jest Snapshot v1, https://goo.gl/fbAQLP

exports[`Organisms/MenuPanel コンポーネント スナップショットテスト Renders Default story 1`] = `
{
  "asFragment": [Function],
  "baseElement": <body>
    <div>
      <a
        class="flex flex-col mx-auto bg-white hover:bg-zinc-50 dark:bg-slate-700 dark:hover:bg-slate-600 w-full p-4 hover:shadow-md text-slate-500 hover:text-slate-700 dark:hover:text-slate-200"
        href="/tasks"
      >
        <svg
          aria-hidden="true"
          class="h-16 w-16 mx-auto"
          fill="none"
          stroke="currentColor"
          stroke-width="1.5"
          viewBox="0 0 24 24"
          xmlns="http://www.w3.org/2000/svg"
        >
          <path
            d="M9 12.75L11.25 15 15 9.75m-3-7.036A11.959 11.959 0 013.598 6 11.99 11.99 0 003 9.749c0 5.592 3.824 10.29 9 11.623 5.176-1.332 9-6.03 9-11.622 0-1.31-.21-2.571-.598-3.751h-.152c-3.196 0-6.1-1.248-8.25-3.285z"
            stroke-linecap="round"
            stroke-linejoin="round"
          />
        </svg>
        <span
          class="text-center"
        >
          タスク
        </span>
      </a>
    </div>
  </body>,
  "container": <div>
    <a
      class="flex flex-col mx-auto bg-white hover:bg-zinc-50 dark:bg-slate-700 dark:hover:bg-slate-600 w-full p-4 hover:shadow-md text-slate-500 hover:text-slate-700 dark:hover:text-slate-200"
      href="/tasks"
    >
      <svg
        aria-hidden="true"
        class="h-16 w-16 mx-auto"
        fill="none"
        stroke="currentColor"
        stroke-width="1.5"
        viewBox="0 0 24 24"
        xmlns="http://www.w3.org/2000/svg"
      >
        <path
          d="M9 12.75L11.25 15 15 9.75m-3-7.036A11.959 11.959 0 013.598 6 11.99 11.99 0 003 9.749c0 5.592 3.824 10.29 9 11.623 5.176-1.332 9-6.03 9-11.622 0-1.31-.21-2.571-.598-3.751h-.152c-3.196 0-6.1-1.248-8.25-3.285z"
          stroke-linecap="round"
          stroke-linejoin="round"
        />
      </svg>
      <span
        class="text-center"
      >
        タスク
      </span>
    </a>
  </div>,
  "debug": [Function],
  "findAllByAltText": [Function],
  "findAllByDisplayValue": [Function],
  "findAllByLabelText": [Function],
  "findAllByPlaceholderText": [Function],
  "findAllByRole": [Function],
  "findAllByTestId": [Function],
  "findAllByText": [Function],
  "findAllByTitle": [Function],
  "findByAltText": [Function],
  "findByDisplayValue": [Function],
  "findByLabelText": [Function],
  "findByPlaceholderText": [Function],
  "findByRole": [Function],
  "findByTestId": [Function],
  "findByText": [Function],
  "findByTitle": [Function],
  "getAllByAltText": [Function],
  "getAllByDisplayValue": [Function],
  "getAllByLabelText": [Function],
  "getAllByPlaceholderText": [Function],
  "getAllByRole": [Function],
  "getAllByTestId": [Function],
  "getAllByText": [Function],
  "getAllByTitle": [Function],
  "getByAltText": [Function],
  "getByDisplayValue": [Function],
  "getByLabelText": [Function],
  "getByPlaceholderText": [Function],
  "getByRole": [Function],
  "getByTestId": [Function],
  "getByText": [Function],
  "getByTitle": [Function],
  "queryAllByAltText": [Function],
  "queryAllByDisplayValue": [Function],
  "queryAllByLabelText": [Function],
  "queryAllByPlaceholderText": [Function],
  "queryAllByRole": [Function],
  "queryAllByTestId": [Function],
  "queryAllByText": [Function],
  "queryAllByTitle": [Function],
  "queryByAltText": [Function],
  "queryByDisplayValue": [Function],
  "queryByLabelText": [Function],
  "queryByPlaceholderText": [Function],
  "queryByRole": [Function],
  "queryByTestId": [Function],
  "queryByText": [Function],
  "queryByTitle": [Function],
  "rerender": [Function],
  "unmount": [Function],
}
`;
